17660905521152
16842752
268435456
16777216
1048576
540016640
2048
10240
4
rnQq1bnr/1pp1pkpp/5p2/p7/8/8/PPPP1PPP/RNBQKBNR b KQ - 0 5
