8830452760576
327680
2260595906707456
43234885634
2269530520813568
5666883501293568
5497558138880
5531918401536
0
268401805723648
10485760
864691128455135232
134742016
276037902795776
526336
40305866338304
141012904183808
71614755970056
8
540016640
175921860444160
10252
2kr1b1r/ppp1p1pp/4p3/3p4/8/5N2/PPPBPPPP/2KR1B1R w - - 2 11
0
