1103806595072
16842752
282574488338432
16777216
72618344968093696
33685504
140189888446464
rnbqkbnr/2pppppp/1p6/p7/P6R/8/1PPPPPPP/1NBQKBNR b Kkq - 1 4
0
