17660905521152
10485760
4512412933881856
345879085120
345879085120
175921860444160
11333767002587136
0
211655988346880
269484032
6917529027641081856
1108169199616
5497558138880
96
144115261258072064
160
4544077632512
4128
2097152
1188950887083540480
4136
rnb1k2r/pppp1ppp/5q2/4N3/1b6/4P1P1/PPPPBPP1/R1BQ1RK1 b q - 0 9
0
