8830452760576
269484032
402653184
67371008
786432
135004160
68719476736
35321811042304
52776558133248
175921860444160
52845277609984
135004160
268435456
538968064
2257297371824128
10489856
1048576
137438953472
105827994173440
1077936128
141287244169216
0
rnbqkb1r/pp5p/2p1P1pn/8/5pP1/2N2p1P/PPP5/R1BQKBNR b KQkq - 0 10
0
