35321811042304
269484032
70643622084608
550831656960
rnb1kbnr/pppp1ppp/8/4p3/5PPq/8/PPPPP2P/RNBQKBNR w KQkq - 1 3
1
