1103806595072
67371008
16777216
17179869184
65536
4398046511104
512
2814749767106560
5
5
360287970189639680
Rnbqkbnr/p2ppppp/8/8/8/8/2PPPPPP/RNnQKBNR w KQk - 0 6
