175921860444160
327680
4611686603885117440
43234885634
35184913154048
2216203386880
4611686603885117440
43234885634
35184913154048
2216203386880
4611686603885117440
43234885634
r1bqkbnr/pppppppp/8/n7/7N/8/PPPPPPPP/RNBQKB1R w KQkq - 12 7
4
