175921860444160
327680
4611686603885117440
43234885634
175921860444160
327680
4611686603885117440
43234885634
rnbqkbnr/pppppppp/8/8/8/8/PPPPPPPP/RNBQKBNR w KQkq - 8 5
4
