175921860444160
327680
4611686603885117440
43234885634
175921860444160
327680
4611686603885117440
43234885634
17660905521152
269484032
4679521487814656
327680
4611686603885117440
43234889730
4679521487814656
327680
4611686603885117440
43234889730
4679521487814656
327680
4611686603885117440
43234889730
4679521487814656
327680
4611686603885117440
43234889730
rnbqkbnr/pppp1ppp/4p3/8/8/4P3/PPPP1PPP/RNBQKBNR w KQkq - 16 14
4
