17660905521152
16842752
4539061024849920
65792
581141100568289280
2155872256
5514704651264
282578816729345
141287244169216
538968064
36103718781717006
10240
149847820473884
2260630418099216
37460872994055
2313749718297577480
36101511117932293
4194304
145428198002235
5bnr/4p1pq/4Qpkr/7p/7P/4P3/PPPP1PP1/RNB1KBNR b KQ - 2 10
3
